bitcoin_headers circuit
--
Gates & Instructions
├─ Number of gates: 51,098
└─ Number of evaluation instructions: 52,538

Constraints
├─ AND constraints: 23,520 used (71.8% of 2^15)
│  [▓▓▓▓▓▓▓░░░] spare: 9,248
├─ MUL constraints: 0 used (0.0% of 0)
│  [░░░░░░░░░░] spare: 0
└─ Distinct value indices: 53,221
   ├─ Distinct shifted value indices: 29,890
   └─ Distinct unshifted value indices: 23,331

Value Vector
├─ Public Section: 184 used (71.9% of 2^8)
│  [▓▓▓▓▓▓▓░░░] spare: 72
│  ├─ Constants: 184
│  └─ Inout: 0
├─ Private Section: 23,154 used (71.2%)
│  [▓▓▓▓▓▓▓░░░] spare: 9,358
│  ├─ Witness: 804
│  └─ Internal: 22,350
├─ Total Committed: 23,338 used (71.2% of 2^15)
│  [▓▓▓▓▓▓▓░░░] spare: 9,430
└─ Scratch (uncommitted): 41,658

