blake2b circuit
--
Gates & Instructions
├─ Number of gates: 10,824
└─ Number of evaluation instructions: 10,824

Constraints
├─ AND constraints: 8,160 used (99.6% of 2^13)
│  [▓▓▓▓▓▓▓▓▓░] spare: 32
├─ MUL constraints: 0 used (0.0% of 0)
│  [░░░░░░░░░░] spare: 0
└─ Distinct value indices: 21,662
   ├─ Distinct shifted value indices: 13,362
   └─ Distinct unshifted value indices: 8,300

Value Vector
├─ Public Section: 28 used (87.5% of 2^5)
│  [▓▓▓▓▓▓▓▓░░] spare: 4
│  ├─ Constants: 28
│  └─ Inout: 0
├─ Private Section: 8,288 used (50.7%)
│  [▓▓▓▓▓░░░░░] spare: 8,064
│  ├─ Witness: 136
│  └─ Internal: 8,152
├─ Total Committed: 8,316 used (50.8% of 2^14)
│  [▓▓▓▓▓░░░░░] spare: 8,068
└─ Scratch (uncommitted): 7,272

