blake3_compress circuit
--
Gates & Instructions
├─ Number of gates: 6,336
└─ Number of evaluation instructions: 6,336

Constraints
├─ AND constraints: 0 used (0.0% of 2^0)
│  [░░░░░░░░░░] spare: 1
├─ MUL constraints: 0 used (0.0% of 2^0)
│  [░░░░░░░░░░] spare: 1
└─ Distinct value indices: 0
   ├─ Distinct shifted value indices: 0
   └─ Distinct unshifted value indices: 0

Value Vector
├─ Public Section: 5 used (62.5% of 2^3)
│  [▓▓▓▓▓▓░░░░] spare: 3
│  ├─ Constants: 5
│  └─ Inout: 0
├─ Private Section: 168 used (67.7%)
│  [▓▓▓▓▓▓░░░░] spare: 80
│  ├─ Witness: 168
│  └─ Internal: 0
├─ Total Committed: 173 used (67.6% of 2^8)
│  [▓▓▓▓▓▓░░░░] spare: 83
└─ Scratch (uncommitted): 9,024

