blake2s circuit
--
Gates & Instructions
├─ Number of gates: 18,488
└─ Number of evaluation instructions: 18,488

Constraints
├─ AND constraints: 13,656 used (83.3% of 2^14)
│  [▓▓▓▓▓▓▓▓░░] spare: 2,728
├─ MUL constraints: 0 used (0.0% of 2^0)
│  [░░░░░░░░░░] spare: 1
└─ Distinct value indices: 35,723
   ├─ Distinct shifted value indices: 21,920
   └─ Distinct unshifted value indices: 13,803

Value Vector
├─ Public Section: 28 used (87.5% of 2^5)
│  [▓▓▓▓▓▓▓▓░░] spare: 4
│  ├─ Constants: 28
│  └─ Inout: 0
├─ Private Section: 13,784 used (84.3%)
│  [▓▓▓▓▓▓▓▓░░] spare: 2,568
│  ├─ Witness: 136
│  └─ Internal: 13,648
├─ Total Committed: 13,812 used (84.3% of 2^14)
│  [▓▓▓▓▓▓▓▓░░] spare: 2,572
└─ Scratch (uncommitted): 12,512

