ethsign circuit
--
Gates & Instructions
├─ Number of gates: 218,930
└─ Number of evaluation instructions: 261,739

Constraints
├─ AND constraints: 191,166 used (72.9% of 2^18)
│  [▓▓▓▓▓▓▓░░░] spare: 70,978
├─ MUL constraints: 19,022 used (58.1% of 2^15)
│  [▓▓▓▓▓░░░░░] spare: 13,746
└─ Distinct value indices: 399,969
   ├─ Distinct shifted value indices: 183,256
   └─ Distinct unshifted value indices: 216,713

Value Vector
├─ Public Section: 119 used (93.0% of 2^7)
│  [▓▓▓▓▓▓▓▓▓░] spare: 9
│  ├─ Constants: 90
│  └─ Inout: 29
├─ Private Section: 216,602 used (82.7%)
│  [▓▓▓▓▓▓▓▓░░] spare: 45,414
│  ├─ Witness: 42
│  └─ Internal: 216,560
├─ Total Committed: 216,721 used (82.7% of 2^18)
│  [▓▓▓▓▓▓▓▓░░] spare: 45,423
└─ Scratch (uncommitted): 175,363

