ethsign circuit
--
Gates & Instructions
├─ Number of gates: 239,649
└─ Number of evaluation instructions: 285,349

Constraints
├─ AND constraints: 209,134 used (79.8% of 2^18)
│  [▓▓▓▓▓▓▓░░░] spare: 53,010
├─ MUL constraints: 20,592 used (62.8% of 2^15)
│  [▓▓▓▓▓▓░░░░] spare: 12,176
└─ Distinct value indices: 438,227
   ├─ Distinct shifted value indices: 201,362
   └─ Distinct unshifted value indices: 236,865

Value Vector
├─ Public Section: 119 used (93.0% of 2^7)
│  [▓▓▓▓▓▓▓▓▓░] spare: 9
│  ├─ Constants: 90
│  └─ Inout: 29
├─ Private Section: 236,756 used (90.4%)
│  [▓▓▓▓▓▓▓▓▓░] spare: 25,260
│  ├─ Witness: 42
│  └─ Internal: 236,714
├─ Total Committed: 236,875 used (90.4% of 2^18)
│  [▓▓▓▓▓▓▓▓▓░] spare: 25,269
└─ Scratch (uncommitted): 188,576

