keccak circuit
--
Gates & Instructions
├─ Number of gates: 23,352
└─ Number of evaluation instructions: 23,921

Constraints
├─ AND constraints: 6,673 used (81.5% of 2^13)
│  [▓▓▓▓▓▓▓▓░░] spare: 1,519
├─ MUL constraints: 0 used (0.0% of 0)
│  [░░░░░░░░░░] spare: 0
└─ Distinct value indices: 21,479
   ├─ Distinct shifted value indices: 14,621
   └─ Distinct unshifted value indices: 6,858

Value Vector
├─ Public Section: 320 used (62.5% of 2^9)
│  [▓▓▓▓▓▓░░░░] spare: 192
│  ├─ Constants: 188
│  └─ Inout: 132
├─ Private Section: 6,540 used (85.2%)
│  [▓▓▓▓▓▓▓▓░░] spare: 1,140
│  ├─ Witness: 137
│  └─ Internal: 6,403
├─ Total Committed: 6,860 used (83.7% of 2^13)
│  [▓▓▓▓▓▓▓▓░░] spare: 1,332
└─ Scratch (uncommitted): 17,545

