sha256 circuit
--
Gates & Instructions
├─ Number of gates: 20,616
└─ Number of evaluation instructions: 20,616

Constraints
├─ AND constraints: 8,896 used (54.3% of 2^14)
│  [▓▓▓▓▓░░░░░] spare: 7,488
├─ MUL constraints: 0 used (0.0% of 0)
│  [░░░░░░░░░░] spare: 0
└─ Distinct value indices: 21,543
   ├─ Distinct shifted value indices: 12,579
   └─ Distinct unshifted value indices: 8,964

Value Vector
├─ Public Section: 405 used (79.1% of 2^9)
│  [▓▓▓▓▓▓▓░░░] spare: 107
│  ├─ Constants: 141
│  └─ Inout: 264
├─ Private Section: 8,824 used (55.6%)
│  [▓▓▓▓▓░░░░░] spare: 7,048
│  ├─ Witness: 0
│  └─ Internal: 8,824
├─ Total Committed: 9,229 used (56.3% of 2^14)
│  [▓▓▓▓▓░░░░░] spare: 7,155
└─ Scratch (uncommitted): 17,112

