sha512 circuit
--
Gates & Instructions
├─ Number of gates: 25,841
└─ Number of evaluation instructions: 26,420

Constraints
├─ AND constraints: 11,314 used (69.1% of 2^14)
│  [▓▓▓▓▓▓░░░░] spare: 5,070
├─ MUL constraints: 0 used (0.0% of 2^0)
│  [░░░░░░░░░░] spare: 1
└─ Distinct value indices: 26,826
   ├─ Distinct shifted value indices: 15,264
   └─ Distinct unshifted value indices: 11,562

Value Vector
├─ Public Section: 385 used (75.2% of 2^9)
│  [▓▓▓▓▓▓▓░░░] spare: 127
│  ├─ Constants: 249
│  └─ Inout: 136
├─ Private Section: 11,177 used (70.4%)
│  [▓▓▓▓▓▓▓░░░] spare: 4,695
│  ├─ Witness: 145
│  └─ Internal: 11,032
├─ Total Committed: 11,562 used (70.6% of 2^14)
│  [▓▓▓▓▓▓▓░░░] spare: 4,822
└─ Scratch (uncommitted): 22,245

