sha512 circuit
--
Gates & Instructions
├─ Number of gates: 27,248
└─ Number of evaluation instructions: 27,969

Constraints
├─ AND constraints: 11,946 used (72.9% of 2^14)
│  [▓▓▓▓▓▓▓░░░] spare: 4,438
├─ MUL constraints: 0 used (0.0% of 2^0)
│  [░░░░░░░░░░] spare: 1
└─ Distinct value indices: 28,490
   ├─ Distinct shifted value indices: 16,167
   └─ Distinct unshifted value indices: 12,323

Value Vector
├─ Public Section: 387 used (75.6% of 2^9)
│  [▓▓▓▓▓▓▓░░░] spare: 125
│  ├─ Constants: 250
│  └─ Inout: 137
├─ Private Section: 11,937 used (75.2%)
│  [▓▓▓▓▓▓▓░░░] spare: 3,935
│  ├─ Witness: 0
│  └─ Internal: 11,937
├─ Total Committed: 12,324 used (75.2% of 2^14)
│  [▓▓▓▓▓▓▓░░░] spare: 4,060
└─ Scratch (uncommitted): 23,297

