zklogin circuit
--
Gates & Instructions
├─ Number of gates: 533,759
└─ Number of evaluation instructions: 597,709

Constraints
├─ AND constraints: 456,241 used (87.0% of 2^19)
│  [▓▓▓▓▓▓▓▓░░] spare: 68,047
├─ MUL constraints: 8,262 used (50.4% of 2^14)
│  [▓▓▓▓▓░░░░░] spare: 8,122
└─ Distinct value indices: 821,176
   ├─ Distinct shifted value indices: 362,740
   └─ Distinct unshifted value indices: 458,436

Value Vector
├─ Public Section: 1,018 used (99.4% of 2^10)
│  [▓▓▓▓▓▓▓▓▓░] spare: 6
│  ├─ Constants: 716
│  └─ Inout: 302
├─ Private Section: 457,419 used (87.4%)
│  [▓▓▓▓▓▓▓▓░░] spare: 65,845
│  ├─ Witness: 1,788
│  └─ Internal: 455,631
├─ Total Committed: 458,437 used (87.4% of 2^19)
│  [▓▓▓▓▓▓▓▓░░] spare: 65,851
└─ Scratch (uncommitted): 352,758

